  Determining projects to restore...
  All projects are up-to-date for restore.
  Domain -> C:\Users\Chien\Desktop\pHishbone\Domain\bin\Debug\net8.0\Domain.dll
  Application -> C:\Users\Chien\Desktop\pHishbone\Application\bin\Debug\net8.0\Application.dll
C:\Users\Chien\Desktop\pHishbone\Infrastructure\Migrations\20260126074621_init.cs(9,26): warning CS8981: The type name 'init' only contains lower-cased ascii characters. Such names may become reserved for the language. [C:\Users\Chien\Desktop\pHishbone\Infrastructure\Infrastructure.csproj]
C:\Users\Chien\Desktop\pHishbone\Infrastructure\Migrations\20260126074621_init.Designer.cs(16,19): warning CS8981: The type name 'init' only contains lower-cased ascii characters. Such names may become reserved for the language. [C:\Users\Chien\Desktop\pHishbone\Infrastructure\Infrastructure.csproj]
C:\Users\Chien\Desktop\pHishbone\Infrastructure\Services\SupabaseAuthService.cs(47,31): error CS0117: 'ErrorCode' does not contain a definition for 'BAD_REQUEST' [C:\Users\Chien\Desktop\pHishbone\Infrastructure\Infrastructure.csproj]
C:\Users\Chien\Desktop\pHishbone\Infrastructure\Services\SupabaseAuthService.cs(56,34): warning CS8601: Possible null reference assignment. [C:\Users\Chien\Desktop\pHishbone\Infrastructure\Infrastructure.csproj]
C:\Users\Chien\Desktop\pHishbone\Infrastructure\Services\SupabaseAuthService.cs(57,29): warning CS8601: Possible null reference assignment. [C:\Users\Chien\Desktop\pHishbone\Infrastructure\Infrastructure.csproj]

Build FAILED.

C:\Users\Chien\Desktop\pHishbone\Infrastructure\Migrations\20260126074621_init.cs(9,26): warning CS8981: The type name 'init' only contains lower-cased ascii characters. Such names may become reserved for the language. [C:\Users\Chien\Desktop\pHishbone\Infrastructure\Infrastructure.csproj]
C:\Users\Chien\Desktop\pHishbone\Infrastructure\Migrations\20260126074621_init.Designer.cs(16,19): warning CS8981: The type name 'init' only contains lower-cased ascii characters. Such names may become reserved for the language. [C:\Users\Chien\Desktop\pHishbone\Infrastructure\Infrastructure.csproj]
C:\Users\Chien\Desktop\pHishbone\Infrastructure\Services\SupabaseAuthService.cs(56,34): warning CS8601: Possible null reference assignment. [C:\Users\Chien\Desktop\pHishbone\Infrastructure\Infrastructure.csproj]
C:\Users\Chien\Desktop\pHishbone\Infrastructure\Services\SupabaseAuthService.cs(57,29): warning CS8601: Possible null reference assignment. [C:\Users\Chien\Desktop\pHishbone\Infrastructure\Infrastructure.csproj]
C:\Users\Chien\Desktop\pHishbone\Infrastructure\Services\SupabaseAuthService.cs(47,31): error CS0117: 'ErrorCode' does not contain a definition for 'BAD_REQUEST' [C:\Users\Chien\Desktop\pHishbone\Infrastructure\Infrastructure.csproj]
    4 Warning(s)
    1 Error(s)

Time Elapsed 00:00:01.19

Workload updates are available. Run `dotnet workload list` for more information.
